// Jest Snapshot v1, https://goo.gl/fbAQLP

exports[`Root component should renders correctly 1`] = `<View />`;

exports[`Root component should renders correctly without getLocale prop 1`] = `<View />`;
