// Jest Snapshot v1, https://goo.gl/fbAQLP

exports[`Language Provider should renders correctly 1`] = `
<div>
  test
</div>
`;
