// Jest Snapshot v1, https://goo.gl/fbAQLP

exports[`FormattedNumber should renders correctly 1`] = `
<Text
  accessible={true}
  allowFontScaling={true}
  ellipsizeMode="tail"
  style={Object {}}
>
  NaN
</Text>
`;
