// Jest Snapshot v1, https://goo.gl/fbAQLP

exports[`FormattedDate should renders correctly 1`] = `
<Text
  accessible={true}
  allowFontScaling={true}
  ellipsizeMode="tail"
  style={Object {}}
>
  1/1/1970
</Text>
`;
