// Jest Snapshot v1, https://goo.gl/fbAQLP

exports[`FormattedTime should renders correctly 1`] = `
<Text
  accessible={true}
  allowFontScaling={true}
  ellipsizeMode="tail"
  style={Object {}}
>
  1:00 AM
</Text>
`;
